[primepoultryexporters.com/index.html]
[backblue.gif]
[fade.gif]
[index.html]
[primepoultryexporters.com/wp-content/themes/astra/assets/css/minified/frontend.min7bcd.css]
[primepoultryexporters.com/comments/feed/index.html]
[primepoultryexporters.com/feed/index.html]
[primepoultryexporters.com/wp-content/themes/astra/assets/fonts/astra.woff]
[primepoultryexporters.com/wp-content/themes/astra/assets/css/minified/menu-animation.min7bcd.css]
[primepoultryexporters.com/wp-content/plugins/header-footer-elementor/inc/widgets-css/frontend92a8.css]
[primepoultryexporters.com/wp-content/themes/astra/assets/css/minified/compatibility/woocommerce/woocommerce-layout.min7bcd.css]
[primepoultryexporters.com/wp-content/themes/astra/assets/css/minified/compatibility/woocommerce/woocommerce-smallscreen.min7bcd.css]
[primepoultryexporters.com/wp-content/plugins/premium-addons-for-elementor/assets/frontend/min-css/premium-addons.min0f95.css]
[primepoultryexporters.com/wp-content/themes/astra/assets/css/minified/compatibility/woocommerce/woocommerce.min7bcd.css]
[primepoultryexporters.com/wp-content/plugins/header-footer-elementor/assets/css/header-footer-elementor92a8.css]
[primepoultryexporters.com/wp-content/plugins/elementor/assets/lib/eicons/css/elementor-icons.min0fd8.css]
[primepoultryexporters.com/wp-content/plugins/elementor/assets/css/frontend.min52dd.css]
[primepoultryexporters.com/wp-content/plugins/elementor/assets/lib/swiper/v8/css/swiper.min94a4.css]
[primepoultryexporters.com/wp-content/plugins/elementor/assets/css/conditionals/e-swiper.min52dd.css]
[primepoultryexporters.com/wp-content/uploads/elementor/css/post-8404b8c.css]
[primepoultryexporters.com/wp-content/plugins/elementor/assets/lib/font-awesome/css/all.min0f95.css]
[primepoultryexporters.com/wp-content/plugins/elementor/assets/lib/font-awesome/css/v4-shims.min52dd.css]
[primepoultryexporters.com/wp-content/plugins/elementor/assets/css/widget-heading.min52dd.css]
[primepoultryexporters.com/wp-content/plugins/elementor/assets/css/widget-icon-box.min52dd.css]
[primepoultryexporters.com/wp-content/plugins/elementor/assets/css/widget-image-box.min52dd.css]
[primepoultryexporters.com/wp-content/plugins/elementor/assets/css/widget-text-editor.min52dd.css]
[primepoultryexporters.com/wp-content/plugins/elementor/assets/css/widget-image-carousel.min52dd.css]
[primepoultryexporters.com/wp-content/uploads/elementor/css/post-13055b1c.css]
[primepoultryexporters.com/wp-content/plugins/creame-whatsapp-me/public/css/joinchat.min9738.css]
[primepoultryexporters.com/wp-content/plugins/elementor/assets/css/widget-icon-list.min44b4.css]
[primepoultryexporters.com/wp-content/plugins/elementor/assets/css/widget-social-icons.min2401.css]
[primepoultryexporters.com/wp-content/plugins/elementor/assets/lib/font-awesome/css/brands52d5.css]
[primepoultryexporters.com/wp-content/plugins/elementor/assets/lib/font-awesome/css/fontawesome52d5.css]
[primepoultryexporters.com/wp-content/plugins/elementor/assets/lib/font-awesome/css/solid52d5.css]
[primepoultryexporters.com/wp-content/plugins/elementor/assets/lib/font-awesome/css/fontawesome.min52d5.css]
[primepoultryexporters.com/wp-content/plugins/elementor/assets/lib/font-awesome/css/solid.min52d5.css]
[primepoultryexporters.com/wp-content/plugins/elementor/assets/lib/font-awesome/css/regular.min52d5.css]
[primepoultryexporters.com/wp-includes/js/jquery/jquery.minf43b.js]
[primepoultryexporters.com/wp-includes/js/jquery/jquery-migrate.min5589.js]
[primepoultryexporters.com/wp-content/plugins/woocommerce/assets/js/jquery-blockui/jquery.blockUI.mina7df.js]
[primepoultryexporters.com/wp-content/plugins/woocommerce/assets/js/frontend/add-to-cart.minc60b.js]
[primepoultryexporters.com/wp-content/plugins/woocommerce/assets/js/js-cookie/js.cookie.mine91a.js]
[primepoultryexporters.com/wp-content/plugins/woocommerce/assets/js/frontend/woocommerce.minc60b.js]
[primepoultryexporters.com/wp-content/plugins/elementor/assets/lib/font-awesome/js/v4-shims.min52dd.js]
[primepoultryexporters.com/wp-json/wp/v2/pages/1305.json]
[primepoultryexporters.com/wp-json/index.html]
[primepoultryexporters.com/xmlrpc0db0.php]
[primepoultryexporters.com/wp-json/oembed/1.0/embed5138.json]
[primepoultryexporters.com/wp-json/oembed/1.0/embedc034]
[primepoultryexporters.com/wp-content/plugins/woocommerce/assets/fonts/Inter-VariableFont_slnt,wght.woff2]
[primepoultryexporters.com/wp-content/plugins/woocommerce/assets/fonts/cardo_normal_400.woff2]
[primepoultryexporters.com/wp-content/uploads/2021/06/cropped-Prime-Poultry-logo-32x32.png]
[primepoultryexporters.com/wp-content/uploads/2021/06/cropped-Prime-Poultry-logo-192x192.png]
[primepoultryexporters.com/wp-content/uploads/2021/06/cropped-Prime-Poultry-logo-180x180.png]
[primepoultryexporters.com/wp-content/uploads/2021/06/Logo2-56x56.png]
[primepoultryexporters.com/about-us/index.html]
[primepoultryexporters.com/product-category/beef/index.html]
[primepoultryexporters.com/wp-content/uploads/2021/05/Frozen-Beef-Topside-frozen-farm-exporters1-300x300.jpg]
[primepoultryexporters.com/store/index.html]
[primepoultryexporters.com/blog/index.html]
[primepoultryexporters.com/product-category/pork/index.html]
[primepoultryexporters.com/product-category/chicken/index.html]
[primepoultryexporters.com/wp-content/uploads/2021/05/Frozen-Beef-Chuck-Frozen-farm-exporters2-300x300.jpg]
[primepoultryexporters.com/contact-us/index.html]
[primepoultryexporters.com/product/frozen-beef-topside/index.html]
[primepoultryexporters.com/product/frozen-beef-chuck/index.html]
[primepoultryexporters.com/wp-content/uploads/2021/05/Frozen-Beef-Brisket-Frozen-farm-exporters1-300x300.jpg]
[primepoultryexporters.com/wp-content/uploads/2021/05/Beef-Short-Ribs-Frozen-farm-exporters1-300x300.jpg]
[primepoultryexporters.com/product/frozen-beef-brisket/index.html]
[primepoultryexporters.com/product/beef-hind-quarter-copy/index.html]
[primepoultryexporters.com/wp-content/uploads/2021/05/Whole-Chicken-Griller-frozen-farm-exporters1-300x300.jpg]
[primepoultryexporters.com/product/whole-chicken-griller/index.html]
[primepoultryexporters.com/wp-content/uploads/2021/05/Frozen-Chicken-Feet-Frozen-farms-exports1-300x300.jpg]
[primepoultryexporters.com/wp-content/uploads/2021/05/Frozen-Chicken-Breast-Frozen-farm-exports2-300x300.jpg]
[primepoultryexporters.com/product/frozen-chicken-feet/index.html]
[primepoultryexporters.com/wp-content/uploads/2019/01/Chicken-Drumstick-Frozen-Farm-Exporters-0-300x300.jpg]
[primepoultryexporters.com/product/frozen-chicken-breast/index.html]
[primepoultryexporters.com/wp-content/uploads/2021/05/Frozen-Pork-Neck-Frozen-farm-exporters1-300x300.jpg]
[primepoultryexporters.com/product/chicken-drumstick/index.html]
[primepoultryexporters.com/wp-content/uploads/2021/05/Frozen-Pork-Loins-frozen-farm-exporters1-300x300.png]
[primepoultryexporters.com/product/frozen-pork-neck/index.html]
[primepoultryexporters.com/wp-content/uploads/2021/05/Frozen-Pork-Gammon-frozen-farm-exporters1-300x300.jpg]
[primepoultryexporters.com/product/frozen-pork-loins/index.html]
[primepoultryexporters.com/wp-content/uploads/2021/05/Frozen-Pork-Feet-frozen-farm-exporters1-300x300.jpg]
[primepoultryexporters.com/product/frozen-pork-gammon/index.html]
[primepoultryexporters.com/wp-content/uploads/2021/06/brown-chickens-farm-scaled-2-1024x683.jpg]
[primepoultryexporters.com/wp-content/uploads/2021/06/peo-hedin-DUVnfH8nwTE-unsplash-scaled-1-1024x683.jpg]
[primepoultryexporters.com/product/frozen-pork-feet/index.html]
[primepoultryexporters.com/wp-content/uploads/2021/05/diego-san-tlJ_5jVHMF4-unsplash-1024x589.jpg]
[primepoultryexporters.com/wp-content/plugins/woocommerce/assets/client/blocks/wc-blockse2cc.css]
[primepoultryexporters.com/wp-content/themes/astra/assets/js/minified/frontend.min7bcd.js]
[primepoultryexporters.com/wp-content/themes/astra/assets/js/minified/mobile-cart.min7bcd.js]
[primepoultryexporters.com/wp-includes/js/dist/dom-ready.min5346.js]
[primepoultryexporters.com/wp-content/plugins/astra-sites/inc/lib/onboarding/assets/dist/template-preview/maina11c.js]
[primepoultryexporters.com/wp-content/plugins/creame-whatsapp-me/public/js/joinchat.min9738.js]
[primepoultryexporters.com/wp-content/plugins/woocommerce/assets/js/sourcebuster/sourcebuster.minc60b.js]
[primepoultryexporters.com/wp-content/plugins/woocommerce/assets/js/frontend/order-attribution.minc60b.js]
[primepoultryexporters.com/wp-content/plugins/woocommerce/assets/js/frontend/cart-fragments.minc60b.js]
[primepoultryexporters.com/wp-content/plugins/premium-addons-for-elementor/assets/frontend/min-js/premium-wrapper-link.min0f95.js]
[primepoultryexporters.com/wp-content/plugins/elementor/assets/js/webpack.runtime.min52dd.js]
[primepoultryexporters.com/wp-content/plugins/elementor/assets/js/frontend-modules.min52dd.js]
[primepoultryexporters.com/wp-includes/js/jquery/ui/core.minb37e.js]
[primepoultryexporters.com/index.html]
[primepoultryexporters.com/wp-content/themes/astra/assets/css/minified/frontend.min7bcd.css]
[primepoultryexporters.com/wp-content/themes/astra/assets/css/minified/menu-animation.min7bcd.css]
[primepoultryexporters.com/wp-content/plugins/header-footer-elementor/inc/widgets-css/frontend92a8.css]
[primepoultryexporters.com/wp-content/plugins/elementor/assets/js/frontend.min52dd.js]
[primepoultryexporters.com/wp-content/plugins/premium-addons-for-elementor/assets/editor/fonts/pa-elements56ba.eot]
[primepoultryexporters.com/wp-content/plugins/premium-addons-for-elementor/assets/editor/fonts/pa-elements56ba.ttf]
[primepoultryexporters.com/wp-content/plugins/premium-addons-for-elementor/assets/editor/fonts/pa-elements56ba.woff]
[primepoultryexporters.com/wp-content/plugins/premium-addons-for-elementor/assets/editor/fonts/pa-elements56ba.svg]
[primepoultryexporters.com/wp-content/plugins/premium-addons-for-elementor/assets/frontend/min-css/premium-addons.min0f95.css]
[primepoultryexporters.com/wp-content/themes/astra/assets/css/minified/compatibility/woocommerce/woocommerce-layout.min7bcd.css]
[primepoultryexporters.com/wp-content/themes/astra/assets/css/minified/compatibility/woocommerce/woocommerce-smallscreen.min7bcd.css]
[primepoultryexporters.com/wp-content/plugins/woocommerce/assets/fonts/star.woff]
[primepoultryexporters.com/wp-content/plugins/woocommerce/assets/fonts/star.ttf]
[primepoultryexporters.com/wp-content/plugins/woocommerce/assets/fonts/star.svg]
[primepoultryexporters.com/wp-content/plugins/woocommerce/assets/fonts/WooCommerce.woff]
[primepoultryexporters.com/wp-content/plugins/woocommerce/assets/fonts/WooCommerce.ttf]
[primepoultryexporters.com/wp-content/plugins/woocommerce/assets/fonts/WooCommerce.svg]
[primepoultryexporters.com/wp-content/plugins/woocommerce/assets/css/photoswipe/default-skin/default-skin.png]
[primepoultryexporters.com/wp-content/plugins/woocommerce/assets/images/icons/credit-cards/visa.svg]
[primepoultryexporters.com/wp-content/plugins/woocommerce/assets/images/icons/credit-cards/mastercard.svg]
[primepoultryexporters.com/wp-content/plugins/woocommerce/assets/images/icons/credit-cards/laser.svg]
[primepoultryexporters.com/wp-content/plugins/woocommerce/assets/images/icons/credit-cards/diners.svg]
[primepoultryexporters.com/wp-content/plugins/woocommerce/assets/images/icons/credit-cards/maestro.svg]
[primepoultryexporters.com/wp-content/plugins/woocommerce/assets/images/icons/credit-cards/jcb.svg]
[primepoultryexporters.com/wp-content/plugins/woocommerce/assets/images/icons/credit-cards/amex.svg]
[primepoultryexporters.com/wp-content/themes/astra/assets/css/minified/compatibility/woocommerce/woocommerce.min7bcd.css]
[primepoultryexporters.com/wp-content/plugins/header-footer-elementor/assets/css/header-footer-elementor92a8.css]
[primepoultryexporters.com/wp-content/plugins/woocommerce/assets/images/icons/credit-cards/discover.svg]
[primepoultryexporters.com/wp-content/plugins/elementor/assets/lib/eicons/fonts/eicons9d5b.eot]
[primepoultryexporters.com/wp-content/plugins/elementor/assets/lib/eicons/fonts/eicons9d5b.woff2]
[primepoultryexporters.com/wp-content/plugins/elementor/assets/lib/eicons/fonts/eicons9d5b.woff]
[primepoultryexporters.com/wp-content/plugins/elementor/assets/lib/eicons/fonts/eicons9d5b.ttf]
[primepoultryexporters.com/wp-content/plugins/elementor/assets/lib/eicons/css/elementor-icons.min0fd8.css]
[primepoultryexporters.com/wp-content/plugins/elementor/assets/css/frontend.min52dd.css]
[primepoultryexporters.com/wp-content/plugins/elementor/assets/lib/swiper/v8/css/swiper.min94a4.css]
[primepoultryexporters.com/wp-content/plugins/elementor/assets/css/conditionals/e-swiper.min52dd.css]
[primepoultryexporters.com/wp-content/uploads/elementor/css/post-8404b8c.css]
[primepoultryexporters.com/wp-content/plugins/elementor/assets/lib/eicons/fonts/eicons9d5b.svg]
[primepoultryexporters.com/wp-content/plugins/elementor/assets/lib/font-awesome/webfonts/fa-brands-400.eot]
[primepoultryexporters.com/wp-content/plugins/elementor/assets/lib/font-awesome/webfonts/fa-brands-400d41d.eot]
[primepoultryexporters.com/wp-content/plugins/elementor/assets/lib/font-awesome/webfonts/fa-brands-400.woff2]
[primepoultryexporters.com/wp-content/plugins/elementor/assets/lib/font-awesome/webfonts/fa-brands-400.woff]
[primepoultryexporters.com/wp-content/plugins/elementor/assets/lib/font-awesome/webfonts/fa-brands-400.ttf]
[primepoultryexporters.com/wp-content/plugins/elementor/assets/lib/font-awesome/webfonts/fa-regular-400.eot]
[primepoultryexporters.com/wp-content/plugins/elementor/assets/lib/font-awesome/webfonts/fa-brands-400.svg]
[primepoultryexporters.com/wp-content/plugins/elementor/assets/lib/font-awesome/webfonts/fa-regular-400d41d.eot]
[primepoultryexporters.com/wp-content/plugins/elementor/assets/lib/font-awesome/webfonts/fa-regular-400.woff2]
[primepoultryexporters.com/wp-content/plugins/elementor/assets/lib/font-awesome/webfonts/fa-regular-400.woff]
[primepoultryexporters.com/wp-content/plugins/elementor/assets/lib/font-awesome/webfonts/fa-regular-400.ttf]
[primepoultryexporters.com/wp-content/plugins/elementor/assets/lib/font-awesome/webfonts/fa-regular-400.svg]
[primepoultryexporters.com/wp-content/plugins/elementor/assets/lib/font-awesome/webfonts/fa-solid-900.eot]
[primepoultryexporters.com/wp-content/plugins/elementor/assets/lib/font-awesome/webfonts/fa-solid-900.woff2]
[primepoultryexporters.com/wp-content/plugins/elementor/assets/lib/font-awesome/webfonts/fa-solid-900d41d.eot]
[primepoultryexporters.com/wp-content/plugins/elementor/assets/lib/font-awesome/webfonts/fa-solid-900.woff]
[primepoultryexporters.com/wp-content/plugins/elementor/assets/lib/font-awesome/webfonts/fa-solid-900.ttf]
[primepoultryexporters.com/wp-content/plugins/elementor/assets/lib/font-awesome/css/all.min0f95.css]
[primepoultryexporters.com/wp-content/plugins/elementor/assets/lib/font-awesome/css/v4-shims.min52dd.css]
[primepoultryexporters.com/wp-content/plugins/elementor/assets/css/widget-heading.min52dd.css]
[primepoultryexporters.com/wp-content/plugins/elementor/assets/css/widget-icon-box.min52dd.css]
[primepoultryexporters.com/wp-content/plugins/elementor/assets/css/widget-image-box.min52dd.css]
[primepoultryexporters.com/wp-content/plugins/elementor/assets/css/widget-text-editor.min52dd.css]
[primepoultryexporters.com/wp-content/plugins/elementor/assets/css/widget-image-carousel.min52dd.css]
[primepoultryexporters.com/wp-content/uploads/2021/06/brown-chickens-farm-scaled-2.jpg]
[primepoultryexporters.com/wp-content/uploads/2021/06/Frozen-beef-frozen-farm-Exporters-1.jpg]
[primepoultryexporters.com/wp-content/uploads/2021/06/Frozen-Chicken-Frozen-farm-exporters.jpg]
[primepoultryexporters.com/wp-content/plugins/elementor/assets/lib/font-awesome/webfonts/fa-solid-900.svg]
[primepoultryexporters.com/wp-content/uploads/2021/06/Frozen-pork-Frozen-farm-exporters1-1.jpg]
[primepoultryexporters.com/wp-content/uploads/2021/06/Banner2-Frozen-farm-exporters.png]
[primepoultryexporters.com/wp-content/uploads/elementor/css/post-13055b1c.css]
[primepoultryexporters.com/wp-content/plugins/creame-whatsapp-me/public/css/joinchat.min9738.css]
[primepoultryexporters.com/wp-content/plugins/elementor/assets/css/widget-icon-list.min44b4.css]
[primepoultryexporters.com/wp-content/plugins/elementor/assets/css/widget-social-icons.min2401.css]
[primepoultryexporters.com/wp-content/plugins/elementor/assets/lib/font-awesome/css/brands52d5.css]
[primepoultryexporters.com/wp-content/plugins/elementor/assets/lib/font-awesome/css/fontawesome52d5.css]
[primepoultryexporters.com/wp-content/plugins/elementor/assets/lib/font-awesome/css/solid52d5.css]
[primepoultryexporters.com/wp-content/plugins/elementor/assets/lib/font-awesome/css/fontawesome.min52d5.css]
[primepoultryexporters.com/wp-content/plugins/elementor/assets/lib/font-awesome/css/solid.min52d5.css]
[primepoultryexporters.com/wp-content/plugins/elementor/assets/lib/font-awesome/css/regular.min52d5.css]
[primepoultryexporters.com/wp-content/uploads/elementor/css/post-130617e9.css]
[primepoultryexporters.com/wp-json/wp/v2/pages/1306.json]
[primepoultryexporters.com/wp-json/oembed/1.0/embed2124.json]
[primepoultryexporters.com/wp-json/oembed/1.0/embed34c6]
[primepoultryexporters.com/wp-content/uploads/2021/05/Frozen-farm-exporters-B4-1024x576.jpg]
[primepoultryexporters.com/about-us/index.html]
[primepoultryexporters.com/wp-includes/css/dist/block-library/style.min109c.css]
[primepoultryexporters.com/product-category/beef/feed/index.html]
[primepoultryexporters.com/wp-json/wp/v2/product_cat/31.json]
[primepoultryexporters.com/wp-content/uploads/2021/05/Beef-Hind-Quarter-frozen-farm-exports1-300x300.jpg]
[primepoultryexporters.com/wp-content/uploads/2021/05/Frozen-Beef-Carcass-Frozen-farm-exporters1-300x300.jpg]
[primepoultryexporters.com/product/beef-hind-quarter/index.html]
[primepoultryexporters.com/product/frozen-beef-carcass/index.html]
[primepoultryexporters.com/wp-content/uploads/2021/05/Frozen-Beef-Flank-Frozen-farm-exporters1-300x300.jpg]
[primepoultryexporters.com/product/frozen-beef-flank/index.html]
[primepoultryexporters.com/wp-content/uploads/2021/05/Frozen-Beef-Hearts-Frozen-farm-exporters1-300x300.jpg]
[primepoultryexporters.com/product/frozen-beef-hearts/index.html]
[primepoultryexporters.com/wp-content/uploads/2021/05/Frozen-Beef-Kidney-frozen-farm-exporters1-300x300.jpg]
[primepoultryexporters.com/wp-content/uploads/2021/05/Frozen-Beef-Rumps-frozen-farm-exporters1-300x300.jpg]
[primepoultryexporters.com/product-category/beef/index.html]
[primepoultryexporters.com/product/frozen-beef-kidney/index.html]
[primepoultryexporters.com/product/frozen-beef-rumps/index.html]
[primepoultryexporters.com/product-category/chicken/feed/index.html]
[primepoultryexporters.com/wp-json/wp/v2/product_cat/30.json]
[primepoultryexporters.com/wp-content/uploads/2021/05/Chicken-Leg-Quarter-Frozen-Farm-Exporters2-300x300.jpg]
[primepoultryexporters.com/product/chicken-leg-quarter/index.html]
[primepoultryexporters.com/wp-content/uploads/2021/05/Frozen-2-Joint-Wing-Frozen-Farm-exporters2-300x300.png]
[primepoultryexporters.com/product/frozen-2-joint-wing/index.html]
[primepoultryexporters.com/wp-content/uploads/2021/05/Frozen-3-Joint-Wing-Frozen-Farm-exporters1-300x300.jpg]
[primepoultryexporters.com/product/frozen-3-joint-wing/index.html]
[primepoultryexporters.com/wp-content/uploads/2021/05/Frozen-Chicken-Gizzards-frozen-farm-experts3-300x300.jpeg]
[primepoultryexporters.com/product/frozen-chicken-gizzards/index.html]
[primepoultryexporters.com/wp-content/uploads/2021/05/Frozen-Chicken-Hearts-Frozen-farm-exports1-300x300.jpg]
[primepoultryexporters.com/wp-content/uploads/2021/05/Frozen-Chicken-Livers-Frozen-farm-experts1-300x300.jpg]
[primepoultryexporters.com/product/frozen-chicken-livers/index.html]
[primepoultryexporters.com/product/frozen-chicken-hearts/index.html]
[primepoultryexporters.com/wp-content/uploads/2021/05/Frozen-Chicken-Paws-frozen-farm-exports1-300x300.jpg]
[primepoultryexporters.com/wp-content/uploads/2021/05/Frozen-Middle-Joint-Wing-frozen-farm-experts1-300x300.jpg]
[primepoultryexporters.com/product-category/chicken/index.html]
[primepoultryexporters.com/product/frozen-chicken-paws/index.html]
[primepoultryexporters.com/product/frozen-middle-joint-wing/index.html]
[primepoultryexporters.com/product-category/pork/feed/index.html]
[primepoultryexporters.com/wp-json/wp/v2/product_cat/32.json]
[primepoultryexporters.com/wp-content/uploads/2021/05/Frozen-Pork-Fat-frozen-farm-exporters2-300x300.jpg]
[primepoultryexporters.com/product/frozen-pork-fat/index.html]
[primepoultryexporters.com/wp-content/uploads/2021/05/Frozen-Pork-Hearts-frozen-farm-exporters1-300x300.png]
[primepoultryexporters.com/wp-content/uploads/2021/05/Frozen-Pork-Ribs-Frozen-farm-experts1-300x300.jpg]
[primepoultryexporters.com/product/frozen-pork-hearts/index.html]
[primepoultryexporters.com/wp-content/uploads/2021/05/Frozen-Pork-Sausages-Frozen-Farm-Exporters1-300x300.jpg]
[primepoultryexporters.com/product/frozen-pork-ribs/index.html]
[primepoultryexporters.com/product/frozen-pork-sausages/index.html]
[primepoultryexporters.com/wp-content/uploads/2021/05/Frozen-ork-Tongue-Frozen-farm-exporters1-300x300.jpeg]
[primepoultryexporters.com/product-category/pork/index.html]
[primepoultryexporters.com/product/frozen-pork-tongue/index.html]
[primepoultryexporters.com/wp-content/uploads/elementor/css/post-13074c79.css]
[primepoultryexporters.com/wp-json/wp/v2/pages/1307.json]
[primepoultryexporters.com/wp-json/oembed/1.0/embed727d.json]
[primepoultryexporters.com/store/index.html]
[primepoultryexporters.com/wp-json/oembed/1.0/embed36a7]
[primepoultryexporters.com/wp-content/uploads/premium-addons-elementor/pa-frontend-abfc1680d.minc5df.css]
[primepoultryexporters.com/store/index37fc.html]
[primepoultryexporters.com/wp-content/plugins/premium-addons-for-elementor/assets/frontend/min-css/slick.min0f95.css]
[primepoultryexporters.com/wp-content/uploads/elementor/css/post-196078b1.css]
[primepoultryexporters.com/store/indexe583.html]
[primepoultryexporters.com/wp-json/wp/v2/pages/1960.json]
[primepoultryexporters.com/wp-json/oembed/1.0/embedddc6.json]
[primepoultryexporters.com/wp-json/oembed/1.0/embeda47e]
[primepoultryexporters.com/wp-content/uploads/2024/09/iStock-598057512.jpg]
[primepoultryexporters.com/frozen-innovation-how-prime-poultry-exporters-is-revolutionizing-the-cold-chain/index.html]
[primepoultryexporters.com/category/frozen-chicken/index.html]
[primepoultryexporters.com/wp-content/uploads/2024/09/Isometric_illustration_of_a_global_cold_chain_0.jpg]
[primepoultryexporters.com/category/frozen-beef/index.html]
[primepoultryexporters.com/category/frozen-pork/index.html]
[primepoultryexporters.com/wp-content/uploads/2023/11/02.jpg]
[primepoultryexporters.com/conquering-global-markets-prime-poultry-exporters-guide-to-international-meat-trade/index.html]
[primepoultryexporters.com/sustainable-meat-production-prime-poultry-exporters-green-initiatives-in-brazil/index.html]
[primepoultryexporters.com/wp-content/uploads/2024/09/10-International-Recipes-Starring-Brazilian-Meats-scaled.jpg]
[primepoultryexporters.com/wp-content/uploads/2021/05/stijn-te-strake-UdhpcfImQ9Y-unsplash-scaled.jpg]
[primepoultryexporters.com/global-gastronomy-10-international-recipes-starring-brazilian-meats/index.html]
[primepoultryexporters.com/from-fazenda-to-freezer-the-quality-journey-of-prime-poultry-exporters-meats/index.html]
[primepoultryexporters.com/wp-content/uploads/2024/09/Halal-and-Non-Halal-Frozen-Meat.jpg]
[primepoultryexporters.com/wp-content/uploads/2024/09/best-quality-frozen-chicken.jpg]
[primepoultryexporters.com/halal-and-non-halal-frozen-meat-what-to-know/index.html]
[primepoultryexporters.com/wp-content/uploads/2024/09/wholesale-frozen-chicken-suppliers.jpg]
[primepoultryexporters.com/top-quality-frozen-chicken-your-best-choice/index.html]
[primepoultryexporters.com/wp-content/uploads/2024/09/trusted-frozen-chicken-suppliers.jpg]
[primepoultryexporters.com/wholesale-frozen-chicken-suppliers-quality-value/index.html]
[primepoultryexporters.com/wp-content/uploads/premium-addons-elementor/pa-frontend-abfc1680d.minc5df.js]
[primepoultryexporters.com/wp-includes/js/imagesloaded.minbb93.js]
[primepoultryexporters.com/trusted-frozen-chicken-suppliers-top-quality-poultry/index.html]
[primepoultryexporters.com/wp-content/plugins/premium-addons-for-elementor/assets/frontend/min-js/isotope.min0f95.js]
[primepoultryexporters.com/blog/index.html]
[primepoultryexporters.com/wp-content/plugins/premium-addons-for-elementor/assets/frontend/min-js/slick.min0f95.js]
[primepoultryexporters.com/wp-content/plugins/elementor/assets/css/widget-divider.min52dd.css]
[primepoultryexporters.com/wp-content/uploads/elementor/css/post-130856f2.css]
[primepoultryexporters.com/wp-content/plugins/wpforms-lite/assets/css/frontend/classic/wpforms-base.min1649.css]
[primepoultryexporters.com/wp-json/wp/v2/pages/1308.json]
[primepoultryexporters.com/wp-json/oembed/1.0/embed134a.json]
[primepoultryexporters.com/wp-json/oembed/1.0/embed9dd3]
[primepoultryexporters.com/wp-content/plugins/wpforms-lite/assets/lib/jquery.validate.min5095.js]
[primepoultryexporters.com/wp-content/plugins/wpforms-lite/assets/lib/mailcheck.mincfa9.js]
[primepoultryexporters.com/wp-content/plugins/wpforms-lite/assets/lib/punycode.min8a54.js]
[primepoultryexporters.com/wp-content/plugins/wpforms-lite/assets/js/share/utils.min1649.js]
[primepoultryexporters.com/contact-us/index.html]
[primepoultryexporters.com/cart-2/index.html]
[primepoultryexporters.com/wp-content/plugins/wpforms-lite/assets/js/frontend/wpforms.min1649.js]
[primepoultryexporters.com/wp-content/plugins/woocommerce/assets/css/photoswipe/photoswipe.minc60b.css]
[primepoultryexporters.com/wp-content/plugins/woocommerce/assets/css/photoswipe/default-skin/default-skin.minc60b.css]
[primepoultryexporters.com/wp-content/plugins/woocommerce/assets/js/zoom/jquery.zoom.minc2b2.js]
[primepoultryexporters.com/product/frozen-beef-topside/feed/index.html]
[primepoultryexporters.com/wp-content/plugins/woocommerce/assets/js/flexslider/jquery.flexslider.minb1b1.js]
[primepoultryexporters.com/wp-content/plugins/woocommerce/assets/js/photoswipe/photoswipe.min46e8.js]
[primepoultryexporters.com/wp-content/plugins/woocommerce/assets/js/photoswipe/photoswipe-ui-default.min46e8.js]
[primepoultryexporters.com/wp-content/plugins/woocommerce/assets/js/frontend/single-product.minc60b.js]
[primepoultryexporters.com/wp-json/wp/v2/product/1394.json]
[primepoultryexporters.com/wp-json/oembed/1.0/embed9b91.json]
[primepoultryexporters.com/wp-json/oembed/1.0/embed2393]
[primepoultryexporters.com/wp-content/uploads/2021/05/Frozen-Beef-Topside-frozen-farm-exporters1.jpg]
[primepoultryexporters.com/wp-content/uploads/2021/05/Frozen-Beef-Topside-frozen-farm-exporters1-600x600.jpg]
[primepoultryexporters.com/wp-content/uploads/2021/05/Frozen-Beef-Topside-frozen-farm-exporters2.jpg]
[primepoultryexporters.com/wp-content/uploads/2021/05/Frozen-Beef-Topside-frozen-farm-exporters2-600x600.jpg]
[primepoultryexporters.com/product/frozen-beef-topside/index.html]
[primepoultryexporters.com/wp-includes/js/comment-reply.min109c.js]
[primepoultryexporters.com/wp-json/wp/v2/product/1381.json]
[primepoultryexporters.com/product/frozen-beef-chuck/feed/index.html]
[primepoultryexporters.com/wp-json/oembed/1.0/embed07d7.json]
[primepoultryexporters.com/wp-json/oembed/1.0/embed0a48]
[primepoultryexporters.com/wp-content/uploads/2021/05/Frozen-Beef-Chuck-Frozen-farm-exporters2.jpg]
[primepoultryexporters.com/wp-content/uploads/2021/05/Frozen-Beef-Chuck-Frozen-farm-exporters2-600x600.jpg]
[primepoultryexporters.com/wp-content/uploads/2021/05/Frozen-Beef-Chuck-Frozen-farm-exporters1.jpg]
[primepoultryexporters.com/wp-content/uploads/2021/05/Frozen-Beef-Chuck-Frozen-farm-exporters1-600x600.jpg]
[primepoultryexporters.com/product/frozen-beef-chuck/index.html]
[primepoultryexporters.com/product/frozen-beef-brisket/feed/index.html]
[primepoultryexporters.com/wp-json/wp/v2/product/1375.json]
[primepoultryexporters.com/wp-json/oembed/1.0/embedd7cd.json]
[primepoultryexporters.com/wp-json/oembed/1.0/embed3811]
[primepoultryexporters.com/wp-content/uploads/2021/05/Frozen-Beef-Brisket-Frozen-farm-exporters1.jpg]
[primepoultryexporters.com/wp-content/uploads/2021/05/Frozen-Beef-Brisket-Frozen-farm-exporters1-600x600.jpg]
[primepoultryexporters.com/wp-content/uploads/2021/05/Frozen-Beef-Brisket-Frozen-farm-exporters2.jpg]
[primepoultryexporters.com/product/frozen-beef-brisket/index.html]
[primepoultryexporters.com/product/beef-hind-quarter-copy/feed/index.html]
[primepoultryexporters.com/wp-json/wp/v2/product/1372.json]
[primepoultryexporters.com/wp-json/oembed/1.0/embed6be7.json]
[primepoultryexporters.com/wp-json/oembed/1.0/embeda4ef]
[primepoultryexporters.com/wp-content/uploads/2021/05/Beef-Short-Ribs-Frozen-farm-exporters1.jpg]
[primepoultryexporters.com/wp-content/uploads/2021/05/Beef-Short-Ribs-Frozen-farm-exporters1-600x600.jpg]
[primepoultryexporters.com/wp-content/uploads/2021/05/Beef-Short-Ribs-Frozen-farm-exporters2.jpg]
[primepoultryexporters.com/wp-content/uploads/2021/05/Beef-Short-Ribs-Frozen-farm-exporters2-600x600.jpg]
[primepoultryexporters.com/product/beef-hind-quarter-copy/index.html]
[primepoultryexporters.com/product/whole-chicken-griller/feed/index.html]
[primepoultryexporters.com/wp-json/wp/v2/product/1365.json]
[primepoultryexporters.com/wp-json/oembed/1.0/embeddbcc.json]
[primepoultryexporters.com/wp-json/oembed/1.0/embed9584]
[primepoultryexporters.com/wp-content/uploads/2021/05/Whole-Chicken-Griller-frozen-farm-exporters1.jpg]
[primepoultryexporters.com/wp-content/uploads/2021/05/Whole-Chicken-Griller-frozen-farm-exporters1-600x600.jpg]
[primepoultryexporters.com/wp-content/uploads/2021/05/Whole-Chicken-Griller-frozen-farm-exporters3.jpg]
[primepoultryexporters.com/wp-content/uploads/2021/05/Whole-Chicken-Griller-frozen-farm-exporters3-600x600.jpg]
[primepoultryexporters.com/wp-content/uploads/2021/05/Whole-Chicken-Griller-frozen-farm-exporters2.jpg]
[primepoultryexporters.com/wp-content/uploads/2021/05/Whole-Chicken-Griller-frozen-farm-exporters2-600x600.jpg]
[primepoultryexporters.com/product/whole-chicken-griller/index.html]
[primepoultryexporters.com/product/frozen-chicken-feet/feed/index.html]
[primepoultryexporters.com/wp-json/wp/v2/product/1346.json]
[primepoultryexporters.com/wp-json/oembed/1.0/embed0fdd.json]
[primepoultryexporters.com/wp-json/oembed/1.0/embedf067]
[primepoultryexporters.com/wp-content/uploads/2021/05/Frozen-Chicken-Feet-Frozen-farms-exports1.jpg]
[primepoultryexporters.com/wp-content/uploads/2021/05/Frozen-Chicken-Feet-Frozen-farms-exports1-600x600.jpg]
[primepoultryexporters.com/wp-content/uploads/2021/05/Frozen-Chicken-Feet-Frozen-farms-exports2.jpg]
[primepoultryexporters.com/wp-content/uploads/2021/05/Frozen-Chicken-Feet-Frozen-farms-exports2-600x600.jpg]
[primepoultryexporters.com/product/frozen-chicken-feet/index.html]
[primepoultryexporters.com/product/frozen-chicken-breast/feed/index.html]
[primepoultryexporters.com/wp-json/wp/v2/product/1340.json]
[primepoultryexporters.com/wp-json/oembed/1.0/embed1e1b.json]
[primepoultryexporters.com/wp-json/oembed/1.0/embed155d]
[primepoultryexporters.com/wp-content/uploads/2021/05/Frozen-Chicken-Breast-Frozen-farm-exports2.jpg]
[primepoultryexporters.com/wp-content/uploads/2021/05/Frozen-Chicken-Breast-Frozen-farm-exports2-600x600.jpg]
[primepoultryexporters.com/wp-content/uploads/2021/05/Frozen-Chicken-Breast-Frozen-farm-exports3.jpg]
[primepoultryexporters.com/wp-content/uploads/2021/05/Frozen-Chicken-Breast-Frozen-farm-exports3-600x600.jpg]
[primepoultryexporters.com/wp-content/uploads/2021/05/Frozen-Chicken-Breast-Frozen-farm-exports1.jpg]
[primepoultryexporters.com/wp-content/uploads/2021/05/Frozen-Chicken-Breast-Frozen-farm-exports1-600x600.jpg]
[primepoultryexporters.com/product/frozen-chicken-breast/index.html]
[primepoultryexporters.com/product/chicken-drumstick/feed/index.html]
[primepoultryexporters.com/wp-json/wp/v2/product/87.json]
[primepoultryexporters.com/wp-json/oembed/1.0/embedf010.json]
[primepoultryexporters.com/wp-json/oembed/1.0/embed8076]
[primepoultryexporters.com/wp-content/uploads/2019/01/Chicken-Drumstick-Frozen-Farm-Exporters-0.jpg]
[primepoultryexporters.com/wp-content/uploads/2019/01/Chicken-Drumstick-Frozen-Farm-Exporters-0-600x600.jpg]
[primepoultryexporters.com/wp-content/uploads/2019/01/Chicken-Drumstick-Frozen-Farm-Exporters2.jpg]
[primepoultryexporters.com/wp-content/uploads/2019/01/Chicken-Drumstick-Frozen-Farm-Exporters2-600x600.jpg]
[primepoultryexporters.com/wp-content/uploads/2019/01/Chicken-Drumstick-Frozen-Farm-Exporters1.jpg]
[primepoultryexporters.com/wp-content/uploads/2019/01/Chicken-Drumstick-Frozen-Farm-Exporters1-600x600.jpg]
[primepoultryexporters.com/product/chicken-drumstick/index.html]
[primepoultryexporters.com/product/frozen-pork-neck/feed/index.html]
[primepoultryexporters.com/wp-json/wp/v2/product/1413.json]
[primepoultryexporters.com/wp-json/oembed/1.0/embed17b6.json]
[primepoultryexporters.com/wp-json/oembed/1.0/embedbb9c]
[primepoultryexporters.com/wp-content/uploads/2021/05/Frozen-Pork-Neck-Frozen-farm-exporters1.jpg]
[primepoultryexporters.com/wp-content/uploads/2021/05/Frozen-Pork-Neck-Frozen-farm-exporters1-600x600.jpg]
[primepoultryexporters.com/wp-content/uploads/2021/05/Frozen-Pork-Neck-Frozen-farm-exporters3.jpg]
[primepoultryexporters.com/wp-content/uploads/2021/05/Frozen-Pork-Neck-Frozen-farm-exporters3-600x600.jpg]
[primepoultryexporters.com/product/frozen-pork-neck/index.html]
[primepoultryexporters.com/product/frozen-pork-loins/feed/index.html]
[primepoultryexporters.com/wp-json/wp/v2/product/1410.json]
[primepoultryexporters.com/wp-json/oembed/1.0/embeda8fc.json]
[primepoultryexporters.com/wp-json/oembed/1.0/embed3fd9]
[primepoultryexporters.com/wp-content/uploads/2021/05/Frozen-Pork-Loins-frozen-farm-exporters1.png]
[primepoultryexporters.com/wp-content/uploads/2021/05/Frozen-Pork-Loins-frozen-farm-exporters1-600x600.png]
[primepoultryexporters.com/wp-content/uploads/2021/05/Frozen-Pork-Loins-frozen-farm-exporters1.jpg]
[primepoultryexporters.com/wp-content/uploads/2021/05/Frozen-Pork-Loins-frozen-farm-exporters1-600x600.jpg]
[primepoultryexporters.com/product/frozen-pork-loins/index.html]
[primepoultryexporters.com/wp-json/wp/v2/product/1403.json]
[primepoultryexporters.com/product/frozen-pork-gammon/feed/index.html]
[primepoultryexporters.com/wp-json/oembed/1.0/embedc9c0.json]
[primepoultryexporters.com/wp-json/oembed/1.0/embedcf4c]
[primepoultryexporters.com/wp-content/uploads/2021/05/Frozen-Pork-Gammon-frozen-farm-exporters1.jpg]
[primepoultryexporters.com/wp-content/uploads/2021/05/Frozen-Pork-Gammon-frozen-farm-exporters1-600x600.jpg]
[primepoultryexporters.com/wp-content/uploads/2021/05/Frozen-Pork-Gammon-frozen-farm-exporters2.jpg]
[primepoultryexporters.com/wp-content/uploads/2021/05/Frozen-Pork-Gammon-frozen-farm-exporters2-600x600.jpg]
[primepoultryexporters.com/product/frozen-pork-gammon/index.html]
[primepoultryexporters.com/wp-json/wp/v2/product/1400.json]
[primepoultryexporters.com/product/frozen-pork-feet/feed/index.html]
[primepoultryexporters.com/wp-json/oembed/1.0/embedf3e3.json]
[primepoultryexporters.com/wp-json/oembed/1.0/embed81b0]
[primepoultryexporters.com/wp-content/uploads/2021/05/Frozen-Pork-Feet-frozen-farm-exporters1.jpg]
[primepoultryexporters.com/wp-content/uploads/2021/05/Frozen-Pork-Feet-frozen-farm-exporters1-600x600.jpg]
[primepoultryexporters.com/wp-content/uploads/2021/05/Frozen-Pork-Feet-frozen-farm-exporters2.jpg]
[primepoultryexporters.com/wp-content/uploads/2021/05/Frozen-Pork-Feet-frozen-farm-exporters2-600x600.jpg]
[primepoultryexporters.com/product/frozen-pork-feet/index.html]
[primepoultryexporters.com/wp-content/plugins/woocommerce/assets/client/blocks/wc-blockse2cc.css]
[primepoultryexporters.com/wp-content/plugins/premium-addons-for-elementor/assets/editor/fonts/pa-elements56ba.svg]
[primepoultryexporters.com/wp-content/plugins/woocommerce/assets/fonts/star.svg]
[primepoultryexporters.com/wp-content/plugins/woocommerce/assets/fonts/WooCommerce.svg]
[primepoultryexporters.com/wp-content/plugins/woocommerce/assets/images/icons/loader.svg]
[primepoultryexporters.com/wp-content/plugins/woocommerce/assets/images/icons/credit-cards/visa.svg]
[primepoultryexporters.com/wp-content/plugins/woocommerce/assets/images/icons/credit-cards/mastercard.svg]
[primepoultryexporters.com/wp-content/plugins/woocommerce/assets/images/icons/credit-cards/laser.svg]
[primepoultryexporters.com/wp-content/plugins/woocommerce/assets/images/icons/credit-cards/diners.svg]
[primepoultryexporters.com/wp-content/plugins/woocommerce/assets/images/icons/credit-cards/maestro.svg]
[primepoultryexporters.com/wp-content/plugins/woocommerce/assets/images/icons/credit-cards/jcb.svg]
[primepoultryexporters.com/wp-content/plugins/woocommerce/assets/images/icons/credit-cards/amex.svg]
[primepoultryexporters.com/wp-content/plugins/woocommerce/assets/images/icons/credit-cards/discover.svg]
[primepoultryexporters.com/wp-content/plugins/elementor/assets/lib/eicons/fonts/eicons9d5b.svg]
[primepoultryexporters.com/wp-content/plugins/elementor/assets/lib/font-awesome/webfonts/fa-brands-400.svg]
[primepoultryexporters.com/wp-content/plugins/elementor/assets/lib/font-awesome/webfonts/fa-regular-400.svg]
[primepoultryexporters.com/wp-content/plugins/elementor/assets/lib/font-awesome/webfonts/fa-solid-900.svg]
[primepoultryexporters.com/wp-content/plugins/elementor/assets/css/widget-image.min52dd.css]
[primepoultryexporters.com/wp-content/uploads/2021/06/karol-klajar-JzpiVI4n5x0-unsplash-scaled-1.jpg]
[primepoultryexporters.com/wp-content/uploads/elementor/css/post-130617e9.css]
[primepoultryexporters.com/indexc474.html]
[primepoultryexporters.com/wp-includes/css/dist/block-library/style.min109c.css]
[primepoultryexporters.com/wp-json/wp/v2/product/1369.json]
[primepoultryexporters.com/product/beef-hind-quarter/feed/index.html]
[primepoultryexporters.com/wp-json/oembed/1.0/embedf66b.json]
[primepoultryexporters.com/wp-json/oembed/1.0/embed25da]
[primepoultryexporters.com/wp-content/uploads/2021/05/Beef-Hind-Quarter-frozen-farm-exports1.jpg]
[primepoultryexporters.com/wp-content/uploads/2021/05/Beef-Hind-Quarter-frozen-farm-exports1-600x600.jpg]
[primepoultryexporters.com/wp-content/uploads/2021/05/Beef-Hind-Quarter-frozen-farm-exports2.jpg]
[primepoultryexporters.com/wp-content/uploads/2021/05/Beef-Hind-Quarter-frozen-farm-exports2-600x600.jpg]
[primepoultryexporters.com/product/beef-hind-quarter/index.html]
[primepoultryexporters.com/product/frozen-beef-carcass/feed/index.html]
[primepoultryexporters.com/wp-json/wp/v2/product/1379.json]
[primepoultryexporters.com/wp-json/oembed/1.0/embed7ca5.json]
[primepoultryexporters.com/wp-json/oembed/1.0/embed3d7b]
[primepoultryexporters.com/wp-content/uploads/2021/05/Frozen-Beef-Carcass-Frozen-farm-exporters1.jpg]
[primepoultryexporters.com/wp-content/uploads/2021/05/Frozen-Beef-Carcass-Frozen-farm-exporters1-600x701.jpg]
[primepoultryexporters.com/product/frozen-beef-carcass/index.html]
[primepoultryexporters.com/product/frozen-beef-flank/feed/index.html]
[primepoultryexporters.com/wp-json/wp/v2/product/1384.json]
[primepoultryexporters.com/wp-json/oembed/1.0/embed469f.json]
[primepoultryexporters.com/wp-json/oembed/1.0/embedca7a]
[primepoultryexporters.com/wp-content/uploads/2021/05/Frozen-Beef-Flank-Frozen-farm-exporters1.jpg]
[primepoultryexporters.com/wp-content/uploads/2021/05/Frozen-Beef-Flank-Frozen-farm-exporters1-600x600.jpg]
[primepoultryexporters.com/product/frozen-beef-flank/index.html]
[primepoultryexporters.com/product/frozen-beef-hearts/feed/index.html]
[primepoultryexporters.com/wp-json/wp/v2/product/1386.json]
[primepoultryexporters.com/wp-json/oembed/1.0/embed53a0.json]
[primepoultryexporters.com/wp-json/oembed/1.0/embed5f48]
[primepoultryexporters.com/wp-content/uploads/2021/05/Frozen-Beef-Hearts-Frozen-farm-exporters1.jpg]
[primepoultryexporters.com/wp-content/uploads/2021/05/Frozen-Beef-Hearts-Frozen-farm-exporters1-600x600.jpg]
[primepoultryexporters.com/product/frozen-beef-hearts/index.html]
[primepoultryexporters.com/product/frozen-beef-kidney/feed/index.html]
[primepoultryexporters.com/wp-json/wp/v2/product/1389.json]
[primepoultryexporters.com/wp-json/oembed/1.0/embedc3d4.json]
[primepoultryexporters.com/wp-json/oembed/1.0/embed413b]
[primepoultryexporters.com/wp-content/uploads/2021/05/Frozen-Beef-Kidney-frozen-farm-exporters1.jpg]
[primepoultryexporters.com/wp-content/uploads/2021/05/Frozen-Beef-Kidney-frozen-farm-exporters1-600x600.jpg]
[primepoultryexporters.com/product/frozen-beef-kidney/index.html]
[primepoultryexporters.com/wp-json/wp/v2/product/1391.json]
[primepoultryexporters.com/product/frozen-beef-rumps/feed/index.html]
[primepoultryexporters.com/wp-json/oembed/1.0/embed2af7.json]
[primepoultryexporters.com/wp-json/oembed/1.0/embede43f]
[primepoultryexporters.com/wp-content/uploads/2021/05/Frozen-Beef-Rumps-frozen-farm-exporters1.jpg]
[primepoultryexporters.com/wp-content/uploads/2021/05/Frozen-Beef-Rumps-frozen-farm-exporters1-600x600.jpg]
[primepoultryexporters.com/wp-content/uploads/2021/05/Frozen-Beef-Rumps-frozen-farm-exporters2.jpg]
[primepoultryexporters.com/wp-content/uploads/2021/05/Frozen-Beef-Rumps-frozen-farm-exporters2-600x600.jpg]
[primepoultryexporters.com/product/frozen-beef-rumps/index.html]
[primepoultryexporters.com/wp-json/wp/v2/product/1327.json]
[primepoultryexporters.com/product/chicken-leg-quarter/feed/index.html]
[primepoultryexporters.com/wp-json/oembed/1.0/embed2938.json]
[primepoultryexporters.com/wp-json/oembed/1.0/embede0d3]
[primepoultryexporters.com/wp-content/uploads/2021/05/Chicken-Leg-Quarter-Frozen-Farm-Exporters2.jpg]
[primepoultryexporters.com/wp-content/uploads/2021/05/Chicken-Leg-Quarter-Frozen-Farm-Exporters2-600x600.jpg]
[primepoultryexporters.com/wp-content/uploads/2021/05/Chicken-Leg-Quarter-Frozen-Farm-Exporters3.jpg]
[primepoultryexporters.com/wp-content/uploads/2021/05/Chicken-Leg-Quarter-Frozen-Farm-Exporters3-600x600.jpg]
[primepoultryexporters.com/wp-content/uploads/2021/05/Chicken-Leg-Quarter-Frozen-Farm-Exporters1.jpg]
[primepoultryexporters.com/wp-content/uploads/2021/05/Chicken-Leg-Quarter-Frozen-Farm-Exporters1-600x600.jpg]
[primepoultryexporters.com/product/chicken-leg-quarter/index.html]
[primepoultryexporters.com/product/frozen-2-joint-wing/feed/index.html]
[primepoultryexporters.com/wp-json/wp/v2/product/1332.json]
[primepoultryexporters.com/wp-json/oembed/1.0/embedd6e5.json]
[primepoultryexporters.com/wp-json/oembed/1.0/embed0381]
[primepoultryexporters.com/wp-content/uploads/2021/05/Frozen-2-Joint-Wing-Frozen-Farm-exporters2.png]
[primepoultryexporters.com/wp-content/uploads/2021/05/Frozen-2-Joint-Wing-Frozen-Farm-exporters2-600x600.png]
[primepoultryexporters.com/wp-content/uploads/2021/05/Frozen-2-Joint-Wing-Frozen-Farm-exporters3.jpg]
[primepoultryexporters.com/wp-content/uploads/2021/05/Frozen-2-Joint-Wing-Frozen-Farm-exporters3-600x600.jpg]
[primepoultryexporters.com/wp-content/uploads/2021/05/Frozen-2-Joint-Wing-Frozen-Farm-exporters1.jpg]
[primepoultryexporters.com/wp-content/uploads/2021/05/Frozen-2-Joint-Wing-Frozen-Farm-exporters1-600x600.jpg]
[primepoultryexporters.com/product/frozen-2-joint-wing/index.html]
[primepoultryexporters.com/wp-json/wp/v2/product/1336.json]
[primepoultryexporters.com/product/frozen-3-joint-wing/feed/index.html]
[primepoultryexporters.com/wp-json/oembed/1.0/embedcf4a.json]
[primepoultryexporters.com/wp-json/oembed/1.0/embed00ce]
[primepoultryexporters.com/wp-content/uploads/2021/05/Frozen-3-Joint-Wing-Frozen-Farm-exporters1.jpg]
[primepoultryexporters.com/wp-content/uploads/2021/05/Frozen-3-Joint-Wing-Frozen-Farm-exporters1-600x600.jpg]
[primepoultryexporters.com/wp-content/uploads/2021/05/Frozen-3-Joint-Wing-Frozen-Farm-exporters2.png]
[primepoultryexporters.com/wp-content/uploads/2021/05/Frozen-3-Joint-Wing-Frozen-Farm-exporters2-600x600.png]
[primepoultryexporters.com/product/frozen-3-joint-wing/index.html]
[primepoultryexporters.com/product/frozen-chicken-gizzards/feed/index.html]
[primepoultryexporters.com/wp-json/wp/v2/product/1349.json]
[primepoultryexporters.com/wp-json/oembed/1.0/embede47b.json]
[primepoultryexporters.com/wp-json/oembed/1.0/embed610d]
[primepoultryexporters.com/wp-content/uploads/2021/05/Frozen-Chicken-Gizzards-frozen-farm-experts3.jpg]
[primepoultryexporters.com/wp-content/uploads/2021/05/Frozen-Chicken-Gizzards-frozen-farm-experts3-600x600.jpeg]
[primepoultryexporters.com/wp-content/uploads/2021/05/Frozen-Chicken-Gizzards-frozen-farm-experts1.jpeg]
[primepoultryexporters.com/wp-content/uploads/2021/05/Frozen-Chicken-Gizzards-frozen-farm-experts1-600x600.jpg]
[primepoultryexporters.com/wp-content/uploads/2021/05/Frozen-Chicken-Gizzards-frozen-farm-experts2.jpeg]
[primepoultryexporters.com/wp-content/uploads/2021/05/Frozen-Chicken-Gizzards-frozen-farm-experts2-600x600.jpg]
[primepoultryexporters.com/product/frozen-chicken-gizzards/index.html]
[primepoultryexporters.com/product/frozen-chicken-hearts/feed/index.html]
[primepoultryexporters.com/wp-json/wp/v2/product/1352.json]
[primepoultryexporters.com/wp-json/oembed/1.0/embedb77a.json]
[primepoultryexporters.com/wp-json/oembed/1.0/embed5aac]
[primepoultryexporters.com/wp-content/uploads/2021/05/Frozen-Chicken-Hearts-Frozen-farm-exports1.jpg]
[primepoultryexporters.com/wp-content/uploads/2021/05/Frozen-Chicken-Hearts-Frozen-farm-exports1-600x600.jpg]
[primepoultryexporters.com/product/frozen-chicken-hearts/index.html]
[primepoultryexporters.com/product/frozen-chicken-livers/feed/index.html]
[primepoultryexporters.com/wp-json/wp/v2/product/1355.json]
[primepoultryexporters.com/wp-json/oembed/1.0/embed26a4.json]
[primepoultryexporters.com/wp-json/oembed/1.0/embed0911]
[primepoultryexporters.com/wp-content/uploads/2021/05/Frozen-Chicken-Livers-Frozen-farm-experts1.jpg]
[primepoultryexporters.com/wp-content/uploads/2021/05/Frozen-Chicken-Livers-Frozen-farm-experts1-600x600.jpg]
[primepoultryexporters.com/wp-content/uploads/2021/05/Frozen-Chicken-Livers-Frozen-farm-experts2.jpg]
[primepoultryexporters.com/wp-content/uploads/2021/05/Frozen-Chicken-Livers-Frozen-farm-experts2-600x600.jpg]
[primepoultryexporters.com/product/frozen-chicken-livers/index.html]
[primepoultryexporters.com/wp-json/wp/v2/product/1358.json]
[primepoultryexporters.com/product/frozen-chicken-paws/feed/index.html]
[primepoultryexporters.com/wp-json/oembed/1.0/embed9d7b.json]
[primepoultryexporters.com/wp-json/oembed/1.0/embed19a9]
[primepoultryexporters.com/wp-content/uploads/2021/05/Frozen-Chicken-Paws-frozen-farm-exports1.jpg]
[primepoultryexporters.com/wp-content/uploads/2021/05/Frozen-Chicken-Paws-frozen-farm-exports1-600x600.jpg]
[primepoultryexporters.com/wp-content/uploads/2021/05/Frozen-Chicken-Paws-frozen-farm-exports2.jpg]
[primepoultryexporters.com/wp-content/uploads/2021/05/Frozen-Chicken-Paws-frozen-farm-exports2-600x600.jpg]
[primepoultryexporters.com/product/frozen-chicken-paws/index.html]
[primepoultryexporters.com/wp-json/wp/v2/product/1362.json]
[primepoultryexporters.com/product/frozen-middle-joint-wing/feed/index.html]
[primepoultryexporters.com/wp-json/oembed/1.0/embeda47f.json]
[primepoultryexporters.com/wp-json/oembed/1.0/embedbf68]
[primepoultryexporters.com/wp-content/uploads/2021/05/Frozen-Middle-Joint-Wing-frozen-farm-experts1.jpg]
[primepoultryexporters.com/wp-content/uploads/2021/05/Frozen-Middle-Joint-Wing-frozen-farm-experts1-600x600.jpg]
[primepoultryexporters.com/wp-content/uploads/2021/05/Frozen-Middle-Joint-Wing-frozen-farm-experts2.jpg]
[primepoultryexporters.com/product/frozen-middle-joint-wing/index.html]
[primepoultryexporters.com/product/frozen-pork-fat/feed/index.html]
[primepoultryexporters.com/wp-json/wp/v2/product/1397.json]
[primepoultryexporters.com/wp-json/oembed/1.0/embedb2ee.json]
[primepoultryexporters.com/wp-json/oembed/1.0/embede61c]
[primepoultryexporters.com/wp-content/uploads/2021/05/Frozen-Pork-Fat-frozen-farm-exporters2.jpg]
[primepoultryexporters.com/wp-content/uploads/2021/05/Frozen-Pork-Fat-frozen-farm-exporters2-600x600.jpg]
[primepoultryexporters.com/wp-content/uploads/2021/05/Frozen-Pork-Fat-frozen-farm-exporters1.jpg]
[primepoultryexporters.com/wp-content/uploads/2021/05/Frozen-Pork-Fat-frozen-farm-exporters1-600x600.jpg]
[primepoultryexporters.com/product/frozen-pork-fat/index.html]
[primepoultryexporters.com/product/frozen-pork-hearts/feed/index.html]
[primepoultryexporters.com/wp-json/wp/v2/product/1406.json]
[primepoultryexporters.com/wp-json/oembed/1.0/embed2cd9.json]
[primepoultryexporters.com/wp-json/oembed/1.0/embeddd6f]
[primepoultryexporters.com/wp-content/uploads/2021/05/Frozen-Pork-Hearts-frozen-farm-exporters1.png]
[primepoultryexporters.com/wp-content/uploads/2021/05/Frozen-Pork-Hearts-frozen-farm-exporters1-600x600.png]
[primepoultryexporters.com/wp-content/uploads/2021/05/Frozen-Pork-Hearts-frozen-farm-exporters2.jpg]
[primepoultryexporters.com/wp-content/uploads/2021/05/Frozen-Pork-Hearts-frozen-farm-exporters2-600x600.jpg]
[primepoultryexporters.com/product/frozen-pork-hearts/index.html]
[primepoultryexporters.com/product/frozen-pork-ribs/feed/index.html]
[primepoultryexporters.com/wp-json/wp/v2/product/1416.json]
[primepoultryexporters.com/wp-json/oembed/1.0/embededfa.json]
[primepoultryexporters.com/wp-json/oembed/1.0/embed9265]
[primepoultryexporters.com/wp-content/uploads/2021/05/Frozen-Pork-Ribs-Frozen-farm-experts1.jpg]
[primepoultryexporters.com/wp-content/uploads/2021/05/Frozen-Pork-Ribs-Frozen-farm-experts1-600x600.jpg]
[primepoultryexporters.com/wp-content/uploads/2021/05/Frozen-Pork-Ribs-Frozen-farm-experts2.jpg]
[primepoultryexporters.com/wp-content/uploads/2021/05/Frozen-Pork-Ribs-Frozen-farm-experts2-600x600.jpg]
[primepoultryexporters.com/product/frozen-pork-ribs/index.html]
[primepoultryexporters.com/product/frozen-pork-sausages/feed/index.html]
[primepoultryexporters.com/wp-json/wp/v2/product/1419.json]
[primepoultryexporters.com/wp-json/oembed/1.0/embed4783.json]
[primepoultryexporters.com/wp-json/oembed/1.0/embed74a7]
[primepoultryexporters.com/wp-content/uploads/2021/05/Frozen-Pork-Sausages-Frozen-Farm-Exporters1.jpg]
[primepoultryexporters.com/wp-content/uploads/2021/05/Frozen-Pork-Sausages-Frozen-Farm-Exporters1-600x600.jpg]
[primepoultryexporters.com/wp-content/uploads/2021/05/Frozen-Pork-Sausages-Frozen-Farm-Exporters2.jpg]
[primepoultryexporters.com/wp-content/uploads/2021/05/Frozen-Pork-Sausages-Frozen-Farm-Exporters2-600x600.jpg]
[primepoultryexporters.com/product/frozen-pork-sausages/index.html]
[primepoultryexporters.com/product/frozen-pork-tongue/feed/index.html]
[primepoultryexporters.com/wp-json/wp/v2/product/1467.json]
[primepoultryexporters.com/wp-json/oembed/1.0/embed4a55.json]
[primepoultryexporters.com/wp-json/oembed/1.0/embedc0db]
[primepoultryexporters.com/wp-content/uploads/2021/05/Frozen-ork-Tongue-Frozen-farm-exporters1.jpg]
[primepoultryexporters.com/wp-content/uploads/2021/05/Frozen-ork-Tongue-Frozen-farm-exporters1-600x600.jpg]
[primepoultryexporters.com/product/frozen-pork-tongue/index.html]
[primepoultryexporters.com/wp-content/uploads/elementor/css/post-13074c79.css]
[primepoultryexporters.com/indexa563.html]
[primepoultryexporters.com/store/index37fc.html]
[primepoultryexporters.com/store/indexe583.html]
[primepoultryexporters.com/wp-content/uploads/premium-addons-elementor/pa-frontend-abfc1680d.minc5df.css]
[primepoultryexporters.com/wp-content/plugins/premium-addons-for-elementor/assets/frontend/min-css/slick.min0f95.css]
[primepoultryexporters.com/wp-content/uploads/elementor/css/post-196078b1.css]
[primepoultryexporters.com/indexe78a.html]
[primepoultryexporters.com/store/index663d.html]
[primepoultryexporters.com/wp-json/wp/v2/posts/2017.json]
[primepoultryexporters.com/frozen-innovation-how-prime-poultry-exporters-is-revolutionizing-the-cold-chain/feed/index.html]
[primepoultryexporters.com/wp-json/oembed/1.0/embede4bb.json]
[primepoultryexporters.com/wp-json/oembed/1.0/embedc374]
[primepoultryexporters.com/wp-content/uploads/2024/09/iStock-598057512-1024x683.jpg]
[primepoultryexporters.com/wp-content/uploads/2024/09/Leonardo_Kino_XL_3D_crosssection_view_of_a_hightech_blast_free_0-1024x575.jpg]
[primepoultryexporters.com/author/frozen_farmexporters/index.html]
[primepoultryexporters.com/wp-content/uploads/2021/05/truck-5248809_1920-1024x683.jpg]
[primepoultryexporters.com/wp-content/uploads/2024/09/poultry-product-distributors-1024x585.jpg]
[primepoultryexporters.com/frozen-innovation-how-prime-poultry-exporters-is-revolutionizing-the-cold-chain/index.html]
[primepoultryexporters.com/category/frozen-beef/feed/index.html]
[primepoultryexporters.com/wp-json/wp/v2/categories/41.json]
[primepoultryexporters.com/wp-content/uploads/2024/09/Isometric_illustration_of_a_global_cold_chain_0-1024x575.jpg]
[primepoultryexporters.com/wp-content/uploads/2024/09/10-International-Recipes-Starring-Brazilian-Meats-1024x683.jpg]
[primepoultryexporters.com/wp-content/uploads/2021/05/stijn-te-strake-UdhpcfImQ9Y-unsplash-1024x680.jpg]
[primepoultryexporters.com/wp-content/uploads/2024/09/Halal-and-Non-Halal-Frozen-Meat-1024x585.jpg]
[primepoultryexporters.com/category/frozen-beef/index.html]
[primepoultryexporters.com/author/primepoultry/index.html]
[primepoultryexporters.com/category/frozen-chicken/feed/index.html]
[primepoultryexporters.com/wp-json/wp/v2/categories/40.json]
[primepoultryexporters.com/wp-content/uploads/2024/09/best-quality-frozen-chicken-1024x585.jpg]
[primepoultryexporters.com/wp-content/uploads/2024/09/wholesale-frozen-chicken-suppliers-1024x585.jpg]
[primepoultryexporters.com/wp-content/uploads/2024/09/trusted-frozen-chicken-suppliers-1024x585.jpg]
[primepoultryexporters.com/category/frozen-chicken/index.html]
[primepoultryexporters.com/category/frozen-pork/feed/index.html]
[primepoultryexporters.com/category/frozen-pork/index.html]
[primepoultryexporters.com/wp-json/wp/v2/categories/42.json]
[primepoultryexporters.com/wp-json/wp/v2/posts/2005.json]
[primepoultryexporters.com/conquering-global-markets-prime-poultry-exporters-guide-to-international-meat-trade/feed/index.html]
[primepoultryexporters.com/wp-json/oembed/1.0/embed2497.json]
[primepoultryexporters.com/wp-json/oembed/1.0/embed6f23]
[primepoultryexporters.com/wp-content/uploads/2021/05/mary-winchester-ax9t3CsGwqc-unsplash-scaled.jpg]
[primepoultryexporters.com/wp-content/uploads/2024/09/Leonardo_Kino_XL_Isometric_illustration_of_a_global_cold_chain_1-1024x575.jpg]
[primepoultryexporters.com/conquering-global-markets-prime-poultry-exporters-guide-to-international-meat-trade/index.html]
[primepoultryexporters.com/wp-json/wp/v2/posts/1994.json]
[primepoultryexporters.com/sustainable-meat-production-prime-poultry-exporters-green-initiatives-in-brazil/feed/index.html]
[primepoultryexporters.com/wp-json/oembed/1.0/embed5f51.json]
[primepoultryexporters.com/wp-json/oembed/1.0/embed8861]
[primepoultryexporters.com/wp-content/uploads/2024/09/Sustainable_Meat_Production_Prime_Poultry_Exp_2-1024x575.jpg]
[primepoultryexporters.com/wp-content/uploads/2024/09/Prime-Poultry-1-1.jpg]
[primepoultryexporters.com/wp-content/uploads/2024/09/Supporting-Biodiversity-in-Farm-Ecosystems-1024x492.jpg]
[primepoultryexporters.com/sustainable-meat-production-prime-poultry-exporters-green-initiatives-in-brazil/index.html]
[primepoultryexporters.com/global-gastronomy-10-international-recipes-starring-brazilian-meats/feed/index.html]
[primepoultryexporters.com/wp-json/wp/v2/posts/1986.json]
[primepoultryexporters.com/wp-json/oembed/1.0/embedf403.json]
[primepoultryexporters.com/wp-json/oembed/1.0/embedc596]
[primepoultryexporters.com/wp-content/uploads/2024/09/Feijoada-Brazilian-Black-Bean-Stew-with-farofa.jpg]
[primepoultryexporters.com/wp-content/uploads/2024/09/7.-Indian-Butter-Chicken-with-a-Brazilian-Twist.jpg]
[primepoultryexporters.com/wp-content/uploads/2024/09/osso-bucco-10--1024x683.jpg]
[primepoultryexporters.com/global-gastronomy-10-international-recipes-starring-brazilian-meats/index.html]
[primepoultryexporters.com/from-fazenda-to-freezer-the-quality-journey-of-prime-poultry-exporters-meats/feed/index.html]
[primepoultryexporters.com/wp-json/wp/v2/posts/1977.json]
[primepoultryexporters.com/wp-json/oembed/1.0/embed9fbd.json]
[primepoultryexporters.com/wp-json/oembed/1.0/embed90fc]
[primepoultryexporters.com/wp-content/uploads/2024/09/Prime-Poultry-1-4-1024x575.jpg]
[primepoultryexporters.com/from-fazenda-to-freezer-the-quality-journey-of-prime-poultry-exporters-meats/index.html]
[primepoultryexporters.com/halal-and-non-halal-frozen-meat-what-to-know/feed/index.html]
[primepoultryexporters.com/wp-json/wp/v2/posts/1969.json]
[primepoultryexporters.com/wp-json/oembed/1.0/embed6d85.json]
[primepoultryexporters.com/wp-json/oembed/1.0/embed1d45]
[primepoultryexporters.com/wp-content/uploads/2024/09/halal-meat-products-1024x585.jpg]
[primepoultryexporters.com/wp-content/uploads/2024/09/differences-between-halal-and-non-halal-meat-1024x585.jpg]
[primepoultryexporters.com/halal-and-non-halal-frozen-meat-what-to-know/index.html]
[primepoultryexporters.com/top-quality-frozen-chicken-your-best-choice/feed/index.html]
[primepoultryexporters.com/wp-json/wp/v2/posts/1920.json]
[primepoultryexporters.com/wp-json/oembed/1.0/embed007e.json]
[primepoultryexporters.com/wp-json/oembed/1.0/embed8efc]
[primepoultryexporters.com/wp-content/uploads/2024/09/versatile-frozen-poultry-1024x585.jpg]
[primepoultryexporters.com/wp-content/uploads/2024/09/identifying-best-quality-frozen-chicken-1024x585.jpg]
[primepoultryexporters.com/top-quality-frozen-chicken-your-best-choice/index.html]
[primepoultryexporters.com/wp-json/wp/v2/posts/1925.json]
[primepoultryexporters.com/wholesale-frozen-chicken-suppliers-quality-value/feed/index.html]
[primepoultryexporters.com/wp-json/oembed/1.0/embed9999.json]
[primepoultryexporters.com/wp-json/oembed/1.0/embed02e7]
[primepoultryexporters.com/wp-content/uploads/2024/09/Leading-Wholesale-Frozen-Chicken-Suppliers-1024x585.jpg]
[primepoultryexporters.com/wholesale-frozen-chicken-suppliers-quality-value/index.html]
[primepoultryexporters.com/trusted-frozen-chicken-suppliers-top-quality-poultry/feed/index.html]
[primepoultryexporters.com/wp-json/wp/v2/posts/1930.json]
[primepoultryexporters.com/wp-json/oembed/1.0/embedeaaf.json]
[primepoultryexporters.com/wp-json/oembed/1.0/embedebf9]
[primepoultryexporters.com/wp-content/uploads/2024/09/Benefits-of-buying-from-trusted-frozen-chicken-suppliers-1024x585.jpg]
[primepoultryexporters.com/wp-content/uploads/2024/09/Brazilian-poultry-quality-1024x585.jpg]
[primepoultryexporters.com/trusted-frozen-chicken-suppliers-top-quality-poultry/index.html]
[primepoultryexporters.com/wp-content/plugins/elementor/assets/css/widget-divider.min52dd.css]
[primepoultryexporters.com/wp-content/plugins/elementor/assets/css/widget-google_maps.min52dd.css]
[primepoultryexporters.com/wp-content/uploads/2021/06/chickens.jpg]
[primepoultryexporters.com/wp-content/uploads/elementor/css/post-130856f2.css]
[primepoultryexporters.com/wp-content/plugins/wpforms-lite/assets/css/frontend/classic/wpforms-base.min1649.css]
[primepoultryexporters.com/index58d1.html]
[primepoultryexporters.com/wp-content/plugins/woocommerce/assets/css/photoswipe/photoswipe.minc60b.css]
[primepoultryexporters.com/wp-content/plugins/woocommerce/assets/css/photoswipe/default-skin/default-skin.svg]
[primepoultryexporters.com/wp-content/plugins/woocommerce/assets/css/photoswipe/default-skin/preloader.gif]
[primepoultryexporters.com/wp-content/plugins/woocommerce/assets/css/photoswipe/default-skin/default-skin.minc60b.css]
[primepoultryexporters.com/indexcff5.html]
[primepoultryexporters.com/index3e5f.html]
[primepoultryexporters.com/index3661.html]
[primepoultryexporters.com/index5262.html]
[primepoultryexporters.com/index4c94.html]
[primepoultryexporters.com/indexe75f.html]
[primepoultryexporters.com/indexe5f6.html]
[primepoultryexporters.com/index5d38.html]
[primepoultryexporters.com/indexc190.html]
[primepoultryexporters.com/index24bb.html]
[primepoultryexporters.com/index721c.html]
[primepoultryexporters.com/indexa7ea.html]
[primepoultryexporters.com/index9e60.html]
[primepoultryexporters.com/index876b.html]
[primepoultryexporters.com/indexe23a.html]
[primepoultryexporters.com/index3b66.html]
[primepoultryexporters.com/index5874.html]
[primepoultryexporters.com/indexa448.html]
[primepoultryexporters.com/index164e.html]
[primepoultryexporters.com/indexd20a.html]
[primepoultryexporters.com/index5c41.html]
[primepoultryexporters.com/indexb140.html]
[primepoultryexporters.com/index8005.html]
[primepoultryexporters.com/indexff96.html]
[primepoultryexporters.com/index1da8.html]
[primepoultryexporters.com/indexf0e8.html]
[primepoultryexporters.com/index7e0e.html]
[primepoultryexporters.com/indexc3e5.html]
[primepoultryexporters.com/index91e6.html]
[primepoultryexporters.com/index57e1.html]
[primepoultryexporters.com/index389b.html]
[primepoultryexporters.com/store/index663d.html]
[primepoultryexporters.com/indexc27c.html]
[primepoultryexporters.com/xmlrpc.php]
[primepoultryexporters.com/author/frozen_farmexporters/index.html]
[primepoultryexporters.com/wp-json/wp/v2/users/1.json]
[primepoultryexporters.com/author/frozen_farmexporters/feed/index.html]
[primepoultryexporters.com/author/primepoultry/feed/index.html]
[primepoultryexporters.com/author/primepoultry/index.html]
[primepoultryexporters.com/index83b7.html]
[primepoultryexporters.com/index1053.html]
[primepoultryexporters.com/indexebfe.html]
[primepoultryexporters.com/indexa8b0.html]
[primepoultryexporters.com/index2a8c.html]
[primepoultryexporters.com/indexb347.html]
[primepoultryexporters.com/index46b2.html]
[primepoultryexporters.com/index3d3f.html]
[primepoultryexporters.com/wp-content/plugins/woocommerce/assets/css/photoswipe/default-skin/default-skin.svg]
[primepoultryexporters.com/wp-json/wp/v2/users/2.json]
